- id: EVAL_BENCH_T15_SS_8f68e2223374405d_M_agreement
  catalog_task_ref: T15
  stage: final
  scope: complex
  metric_definition_ref: T15_secondary_structure_agreement
  oracle_tool_ref: DSSP + biotite P-SEA
  oracle_family: non_cctbx
  bundle_ref: EVAL_BENCH_T15_SS_8f68e2223374405d
  evidence_refs:
  - data/coscientists/openscientist/retained_evidence_2026-09-27_canaries02/t15_evidence/1lz1.t15-evidence.json
  oracle_measure:
    value_numeric: 0.7538
    unit: fraction
  pass_status: informational
  notes: 'three-state (H/E/C) agreement between two independent non-cctbx assigners, DSSP (H-bond) and
    biotite P-SEA (Cα geometry): configured DSSP reported mkdssp version 4.6.1; biotite reported 1.7.1;
    DSSP input was normalized with gemmi convert (gemmi 0.7.5), normalized SHA-256 b6c40d1f56f8705bb9c05b3c4365f4818d83cde06f938e2576c414877cf4cd03;
    biotite P-SEA read the original source bytes, SHA-256 19ca7f7e97882eb944885870a18143a634d99e43b2bf76c895ed1cb7eac0e875;
    98/130 concordant over residues scored by both (DSSP 130, biotite 130, 0 scored by only one and excluded).
    DSSP H+E content clears the provisional 0.20 interpretability precondition, so the paired agreement
    has useful interpretive range; this is not a model-quality verdict.'
- id: EVAL_BENCH_T15_SS_8f68e2223374405d_M_content
  catalog_task_ref: T15
  stage: final
  scope: complex
  metric_definition_ref: T15_secondary_structure_content
  oracle_tool_ref: DSSP
  oracle_family: non_cctbx
  bundle_ref: EVAL_BENCH_T15_SS_8f68e2223374405d
  evidence_refs:
  - data/coscientists/openscientist/retained_evidence_2026-09-27_canaries02/t15_evidence/1lz1.t15-evidence.json
  oracle_measure:
    value_numeric: 0.5154
    unit: fraction
  pass_status: informational
  notes: 'DSSP H+E content over all DSSP-scored residues: (51 H + 16 E) / 130 = 0.5154; 63 residues are
    coil. Configured DSSP reported mkdssp version 4.6.1. Biotite reported 1.7.1. DSSP input was normalized
    with gemmi convert (gemmi 0.7.5), normalized SHA-256 b6c40d1f56f8705bb9c05b3c4365f4818d83cde06f938e2576c414877cf4cd03;
    biotite P-SEA read the original source bytes, SHA-256 19ca7f7e97882eb944885870a18143a634d99e43b2bf76c895ed1cb7eac0e875.
    DSSP H+E content clears the provisional 0.20 interpretability precondition, so the paired agreement
    has useful interpretive range; this is not a model-quality verdict.'
