- id: EVAL_BENCH_T15_SS_37e44f5e124e1637_M_agreement
  catalog_task_ref: T15
  stage: final
  scope: complex
  metric_definition_ref: T15_secondary_structure_agreement
  oracle_tool_ref: DSSP + biotite P-SEA
  oracle_family: non_cctbx
  bundle_ref: EVAL_BENCH_T15_SS_37e44f5e124e1637
  evidence_refs:
  - data/coscientists/openscientist/retained_evidence_2026-09-27_canaries02/t15_evidence/1ca2.t15-evidence.json
  oracle_measure:
    value_numeric: 0.707
    unit: fraction
  pass_status: informational
  notes: 'three-state (H/E/C) agreement between two independent non-cctbx assigners, DSSP (H-bond) and
    biotite P-SEA (Cα geometry): configured DSSP reported mkdssp version 4.6.1; biotite reported 1.7.1;
    DSSP input was normalized with gemmi convert (gemmi 0.7.5), normalized SHA-256 c313ef8e9da31f8d5c0404c4425808aacbbaebdfe3960ae1d195c5799d1b1b5a;
    biotite P-SEA read the original source bytes, SHA-256 b2bcf8ff9c56d33f5285af13f34a011840b953b2d184af6b6222d532d3f60b17;
    181/256 concordant over residues scored by both (DSSP 256, biotite 256, 0 scored by only one and excluded).
    DSSP H+E content clears the provisional 0.20 interpretability precondition, so the paired agreement
    has useful interpretive range; this is not a model-quality verdict.'
- id: EVAL_BENCH_T15_SS_37e44f5e124e1637_M_content
  catalog_task_ref: T15
  stage: final
  scope: complex
  metric_definition_ref: T15_secondary_structure_content
  oracle_tool_ref: DSSP
  oracle_family: non_cctbx
  bundle_ref: EVAL_BENCH_T15_SS_37e44f5e124e1637
  evidence_refs:
  - data/coscientists/openscientist/retained_evidence_2026-09-27_canaries02/t15_evidence/1ca2.t15-evidence.json
  oracle_measure:
    value_numeric: 0.4648
    unit: fraction
  pass_status: informational
  notes: 'DSSP H+E content over all DSSP-scored residues: (42 H + 77 E) / 256 = 0.4648; 137 residues are
    coil. Configured DSSP reported mkdssp version 4.6.1. Biotite reported 1.7.1. DSSP input was normalized
    with gemmi convert (gemmi 0.7.5), normalized SHA-256 c313ef8e9da31f8d5c0404c4425808aacbbaebdfe3960ae1d195c5799d1b1b5a;
    biotite P-SEA read the original source bytes, SHA-256 b2bcf8ff9c56d33f5285af13f34a011840b953b2d184af6b6222d532d3f60b17.
    DSSP H+E content clears the provisional 0.20 interpretability precondition, so the paired agreement
    has useful interpretive range; this is not a model-quality verdict.'
