- id: EVAL_BENCH_T15_SS_63b1dcbcb9bc7735_M_agreement
  catalog_task_ref: T15
  stage: final
  scope: complex
  metric_definition_ref: T15_secondary_structure_agreement
  oracle_tool_ref: DSSP + biotite P-SEA
  oracle_family: non_cctbx
  bundle_ref: EVAL_BENCH_T15_SS_63b1dcbcb9bc7735
  evidence_refs:
  - data/coscientists/openscientist/retained_evidence_2026-09-27_canaries02/t15_evidence/2ptn.t15-evidence.json
  oracle_measure:
    value_numeric: 0.6906
    unit: fraction
  pass_status: informational
  notes: 'three-state (H/E/C) agreement between two independent non-cctbx assigners, DSSP (H-bond) and
    biotite P-SEA (Cα geometry): configured DSSP reported mkdssp version 4.6.1; biotite reported 1.7.1;
    DSSP input was normalized with gemmi convert (gemmi 0.7.5), normalized SHA-256 f8a0bd47e49d36bd877f42ce1895d181844a3d1dc1446274323a7cafa7cbc6ba;
    biotite P-SEA read the original source bytes, SHA-256 aa8551e6c6396a9cba3c677a95b18fd098b860d9f7eb1c355be726cfc2049cec;
    154/223 concordant over residues scored by both (DSSP 223, biotite 223, 0 scored by only one and excluded).
    DSSP H+E content clears the provisional 0.20 interpretability precondition, so the paired agreement
    has useful interpretive range; this is not a model-quality verdict.'
- id: EVAL_BENCH_T15_SS_63b1dcbcb9bc7735_M_content
  catalog_task_ref: T15
  stage: final
  scope: complex
  metric_definition_ref: T15_secondary_structure_content
  oracle_tool_ref: DSSP
  oracle_family: non_cctbx
  bundle_ref: EVAL_BENCH_T15_SS_63b1dcbcb9bc7735
  evidence_refs:
  - data/coscientists/openscientist/retained_evidence_2026-09-27_canaries02/t15_evidence/2ptn.t15-evidence.json
  oracle_measure:
    value_numeric: 0.4664
    unit: fraction
  pass_status: informational
  notes: 'DSSP H+E content over all DSSP-scored residues: (24 H + 80 E) / 223 = 0.4664; 119 residues are
    coil. Configured DSSP reported mkdssp version 4.6.1. Biotite reported 1.7.1. DSSP input was normalized
    with gemmi convert (gemmi 0.7.5), normalized SHA-256 f8a0bd47e49d36bd877f42ce1895d181844a3d1dc1446274323a7cafa7cbc6ba;
    biotite P-SEA read the original source bytes, SHA-256 aa8551e6c6396a9cba3c677a95b18fd098b860d9f7eb1c355be726cfc2049cec.
    DSSP H+E content clears the provisional 0.20 interpretability precondition, so the paired agreement
    has useful interpretive range; this is not a model-quality verdict.'
