- id: EVAL_BENCH_T15_SS_30c2e349d7346972_M_agreement
  catalog_task_ref: T15
  stage: final
  scope: complex
  metric_definition_ref: T15_secondary_structure_agreement
  oracle_tool_ref: DSSP + biotite P-SEA
  oracle_family: non_cctbx
  bundle_ref: EVAL_BENCH_T15_SS_30c2e349d7346972
  evidence_refs:
  - data/coscientists/openscientist/retained_evidence_2026-09-27_canaries02/t15_evidence/1mbn.t15-evidence.json
  oracle_measure:
    value_numeric: 0.8497
    unit: fraction
  pass_status: informational
  notes: 'three-state (H/E/C) agreement between two independent non-cctbx assigners, DSSP (H-bond) and
    biotite P-SEA (Cα geometry): configured DSSP reported mkdssp version 4.6.1; biotite reported 1.7.1;
    DSSP input was normalized with gemmi convert (gemmi 0.7.5), normalized SHA-256 a9b1db03625b3975e1c2303600fe35614597ec0bb03153959bca3759304d1227;
    biotite P-SEA read the original source bytes, SHA-256 e4635115be5a605e58f449f82824e15182a7000c3677876c33fc44118defef78;
    130/153 concordant over residues scored by both (DSSP 153, biotite 153, 0 scored by only one and excluded).
    DSSP H+E content clears the provisional 0.20 interpretability precondition, so the paired agreement
    has useful interpretive range; this is not a model-quality verdict.'
- id: EVAL_BENCH_T15_SS_30c2e349d7346972_M_content
  catalog_task_ref: T15
  stage: final
  scope: complex
  metric_definition_ref: T15_secondary_structure_content
  oracle_tool_ref: DSSP
  oracle_family: non_cctbx
  bundle_ref: EVAL_BENCH_T15_SS_30c2e349d7346972
  evidence_refs:
  - data/coscientists/openscientist/retained_evidence_2026-09-27_canaries02/t15_evidence/1mbn.t15-evidence.json
  oracle_measure:
    value_numeric: 0.7843
    unit: fraction
  pass_status: informational
  notes: 'DSSP H+E content over all DSSP-scored residues: (120 H + 0 E) / 153 = 0.7843; 33 residues are
    coil. Configured DSSP reported mkdssp version 4.6.1. Biotite reported 1.7.1. DSSP input was normalized
    with gemmi convert (gemmi 0.7.5), normalized SHA-256 a9b1db03625b3975e1c2303600fe35614597ec0bb03153959bca3759304d1227;
    biotite P-SEA read the original source bytes, SHA-256 e4635115be5a605e58f449f82824e15182a7000c3677876c33fc44118defef78.
    DSSP H+E content clears the provisional 0.20 interpretability precondition, so the paired agreement
    has useful interpretive range; this is not a model-quality verdict.'
