- id: EVAL_BENCH_T15_SS_43c85c7cc80b22f7_M_agreement
  catalog_task_ref: T15
  stage: final
  scope: complex
  metric_definition_ref: T15_secondary_structure_agreement
  oracle_tool_ref: DSSP + biotite P-SEA
  oracle_family: non_cctbx
  bundle_ref: EVAL_BENCH_T15_SS_43c85c7cc80b22f7
  evidence_refs:
  - data/coscientists/openscientist/retained_evidence_2026-09-27_canaries02/t15_evidence/1lyz.t15-evidence.json
  oracle_measure:
    value_numeric: 0.7209
    unit: fraction
  pass_status: informational
  notes: 'three-state (H/E/C) agreement between two independent non-cctbx assigners, DSSP (H-bond) and
    biotite P-SEA (Cα geometry): configured DSSP reported mkdssp version 4.6.1; biotite reported 1.7.1;
    DSSP input was normalized with gemmi convert (gemmi 0.7.5), normalized SHA-256 f66fb8573cc0f36153a549a9c10d767fb92300eb9496fbbdf50b6c8fad456220;
    biotite P-SEA read the original source bytes, SHA-256 28e95e819d4e0fc48acdf44209e37ba06f5c9d5d93d9950d67a760b32964326e;
    93/129 concordant over residues scored by both (DSSP 129, biotite 129, 0 scored by only one and excluded).
    DSSP H+E content clears the provisional 0.20 interpretability precondition, so the paired agreement
    has useful interpretive range; this is not a model-quality verdict.'
- id: EVAL_BENCH_T15_SS_43c85c7cc80b22f7_M_content
  catalog_task_ref: T15
  stage: final
  scope: complex
  metric_definition_ref: T15_secondary_structure_content
  oracle_tool_ref: DSSP
  oracle_family: non_cctbx
  bundle_ref: EVAL_BENCH_T15_SS_43c85c7cc80b22f7
  evidence_refs:
  - data/coscientists/openscientist/retained_evidence_2026-09-27_canaries02/t15_evidence/1lyz.t15-evidence.json
  oracle_measure:
    value_numeric: 0.4961
    unit: fraction
  pass_status: informational
  notes: 'DSSP H+E content over all DSSP-scored residues: (50 H + 14 E) / 129 = 0.4961; 65 residues are
    coil. Configured DSSP reported mkdssp version 4.6.1. Biotite reported 1.7.1. DSSP input was normalized
    with gemmi convert (gemmi 0.7.5), normalized SHA-256 f66fb8573cc0f36153a549a9c10d767fb92300eb9496fbbdf50b6c8fad456220;
    biotite P-SEA read the original source bytes, SHA-256 28e95e819d4e0fc48acdf44209e37ba06f5c9d5d93d9950d67a760b32964326e.
    DSSP H+E content clears the provisional 0.20 interpretability precondition, so the paired agreement
    has useful interpretive range; this is not a model-quality verdict.'
